> Task :app:checkKotlinGradlePluginConfigurationErrors
> Task :common:checkKotlinGradlePluginConfigurationErrors
> Task :common:compileKotlin UP-TO-DATE
> Task :common:compileJava NO-SOURCE
> Task :common:processResources NO-SOURCE
> Task :common:classes UP-TO-DATE
> Task :common:jar UP-TO-DATE
> Task :iam:checkKotlinGradlePluginConfigurationErrors
> Task :iam:compileKotlin UP-TO-DATE
> Task :iam:compileJava NO-SOURCE
> Task :iam:processResources NO-SOURCE
> Task :iam:classes UP-TO-DATE
> Task :iam:jar UP-TO-DATE
> Task :app:compileKotlin UP-TO-DATE
> Task :app:compileJava NO-SOURCE
> Task :app:processResources UP-TO-DATE
> Task :app:classes UP-TO-DATE
> Task :app:resolveMainClassName UP-TO-DATE

> Task :app:bootRun

  .   ____          _            __ _ _
 /\\ / ___'_ __ _ _(_)_ __  __ _ \ \ \ \
( ( )\___ | '_ | '_| | '_ \/ _` | \ \ \ \
 \\/  ___)| |_)| | | | | || (_| |  ) ) ) )
  '  |____| .__|_| |_|_| |_\__, | / / / /
 =========|_|==============|___/=/_/_/_/

[32m :: Spring Boot :: [39m              [2m (v3.3.5)[0;39m

[2m2026-06-11T21:43:15.442+08:00[0;39m [32m INFO[0;39m [35m25584[0;39m [2m---[0;39m [2m[user-center-backend] [           main][0;39m [2m[0;39m[36mcn.scysn.UserCenterApplicationKt        [0;39m [2m:[0;39m Starting UserCenterApplicationKt using Java 17.0.10 with PID 25584 (E:\DownLoad\Idea-project\codxFile\uc\app\build\classes\kotlin\main started by 86173 in E:\DownLoad\Idea-project\codxFile\uc\app)
[2m2026-06-11T21:43:15.444+08:00[0;39m [32mDEBUG[0;39m [35m25584[0;39m [2m---[0;39m [2m[user-center-backend] [           main][0;39m [2m[0;39m[36mcn.scysn.UserCenterApplicationKt        [0;39m [2m:[0;39m Running with Spring Boot v3.3.5, Spring v6.1.14
[2m2026-06-11T21:43:15.445+08:00[0;39m [32m INFO[0;39m [35m25584[0;39m [2m---[0;39m [2m[user-center-backend] [           main][0;39m [2m[0;39m[36mcn.scysn.UserCenterApplicationKt        [0;39m [2m:[0;39m No active profile set, falling back to 1 default profile: "default"
[2m2026-06-11T21:43:17.379+08:00[0;39m [32m INFO[0;39m [35m25584[0;39m [2m---[0;39m [2m[user-center-backend] [           main][0;39m [2m[0;39m[36mo.s.b.w.embedded.tomcat.TomcatWebServer [0;39m [2m:[0;39m Tomcat initialized with port 8081 (http)
[2m2026-06-11T21:43:17.461+08:00[0;39m [32m INFO[0;39m [35m25584[0;39m [2m---[0;39m [2m[user-center-backend] [           main][0;39m [2m[0;39m[36mw.s.c.ServletWebServerApplicationContext[0;39m [2m:[0;39m Root WebApplicationContext: initialization completed in 1964 ms
[2m2026-06-11T21:43:17.636+08:00[0;39m [32mDEBUG[0;39m [35m25584[0;39m [2m---[0;39m [2m[user-center-backend] [           main][0;39m [2m[0;39m[36mcn.scysn.common.api.TraceIdFilter       [0;39m [2m:[0;39m Filter 'traceIdFilter' configured for use
[2m2026-06-11T21:43:18.471+08:00[0;39m [33m WARN[0;39m [35m25584[0;39m [2m---[0;39m [2m[user-center-backend] [           main][0;39m [2m[0;39m[36morg.hibernate.orm.deprecation           [0;39m [2m:[0;39m HHH90000025: PostgreSQLDialect does not need to be specified explicitly using 'hibernate.dialect' (remove the property setting and it will be selected by default)
[2m2026-06-11T21:43:23.098+08:00[0;39m [32m INFO[0;39m [35m25584[0;39m [2m---[0;39m [2m[user-center-backend] [           main][0;39m [2m[0;39m[36mo.s.b.a.e.web.EndpointLinksResolver     [0;39m [2m:[0;39m Exposing 3 endpoints beneath base path '/actuator'
[2m2026-06-11T21:43:23.172+08:00[0;39m [32m INFO[0;39m [35m25584[0;39m [2m---[0;39m [2m[user-center-backend] [           main][0;39m [2m[0;39m[36mo.s.b.w.embedded.tomcat.TomcatWebServer [0;39m [2m:[0;39m Tomcat started on port 8081 (http) with context path '/'
[2m2026-06-11T21:43:23.186+08:00[0;39m [32m INFO[0;39m [35m25584[0;39m [2m---[0;39m [2m[user-center-backend] [           main][0;39m [2m[0;39m[36mcn.scysn.UserCenterApplicationKt        [0;39m [2m:[0;39m Started UserCenterApplicationKt in 8.201 seconds (process running for 8.565)
[2m2026-06-11T21:43:23.323+08:00[0;39m [32m INFO[0;39m [35m25584[0;39m [2m---[0;39m [2m[user-center-backend] [nio-8081-exec-1][0;39m [2m[0;39m[36mo.s.web.servlet.DispatcherServlet       [0;39m [2m:[0;39m Initializing Servlet 'dispatcherServlet'
[2m2026-06-11T21:43:23.325+08:00[0;39m [32m INFO[0;39m [35m25584[0;39m [2m---[0;39m [2m[user-center-backend] [nio-8081-exec-1][0;39m [2m[0;39m[36mo.s.web.servlet.DispatcherServlet       [0;39m [2m:[0;39m Completed initialization in 1 ms

> Task :app:bootRun FAILED
11 actionable tasks: 4 executed, 7 up-to-date
